Warning: You are sending unauthenticated requests to the HF Hub. Please set a HF_TOKEN to enable higher rate limits and faster downloads.
🚀 Batch evaluation started (released layout)
🤖 Provider: prism
📁 Root Dir: /Users/jayeshpani/Desktop/Samsung Prism/prism-duplex/bench/data/fdb_v3_data_released
📋 Loaded 100 scenarios from benchmark_data_v2.json
🔊 Loading ASR model...
🔊 ASR: parakeet-tdt-0.6b-v2 on MLX (no CUDA on this machine)
✅ ASR model loaded
📋 Merged 79 per-folder metadata.json entries → 100 total
📂 Found 100 input.wav files

[1/100] Processing Speaker=65e8cf8f... Example=ecommerce_01...
  🚀 Running LiveKit inference with provider=prism...
  🔗 Streaming via livekit_inference.py into room: eval-e1f16fa8
  ✅ livekit_inference.py finished successfully.
  🗣️  Running ASR on input audio...
  ⏱️  Measuring latency...
  🗣️  Running ASR on model output...
  📝 Transcript: One moment Tracking your order ABC one hundred twenty three...
  ⏱️  Perceived Latency: 5.76s (Agent Start: 21.44s - User End: 15.68s)
  💾 Saved: result_prism.json

[2/100] Processing Speaker=69a9cf80... Example=ecommerce_01...
  🚀 Running LiveKit inference with provider=prism...
  🔗 Streaming via livekit_inference.py into room: eval-4fb97a13
  ✅ livekit_inference.py finished successfully.
  🗣️  Running ASR on input audio...
  ⏱️  Measuring latency...
  🗣️  Running ASR on model output...
  📝 Transcript: One moment. One moment Tracking your order, ABC one hundred twenty three...
  ⏱️  Perceived Latency: -2.56s (Agent Start: 16.0s - User End: 18.560000000000002s)
  💾 Saved: result_prism.json

[3/100] Processing Speaker=5f4a4da1... Example=ecommerce_02...
  🚀 Running LiveKit inference with provider=prism...
  🔗 Streaming via livekit_inference.py into room: eval-aa7ea8e0
  ✅ livekit_inference.py finished successfully.
  🗣️  Running ASR on input audio...
  ⏱️  Measuring latency...
  🗣️  Running ASR on model output...
  📝 Transcript: One moment Searching for wireless headphones under dollar one hundred dollar one hundred...
  ⏱️  Perceived Latency: 4.72s (Agent Start: 17.6s - User End: 12.88s)
  💾 Saved: result_prism.json

[4/100] Processing Speaker=6998abd7... Example=ecommerce_04...
  🚀 Running LiveKit inference with provider=prism...
  🔗 Streaming via livekit_inference.py into room: eval-fbd342b2
  ✅ livekit_inference.py finished successfully.
  🗣️  Running ASR on input audio...
  ⏱️  Measuring latency...
  🗣️  Running ASR on model output...
  📝 Transcript: One moment. Looking up the status of your package with order number XYZ88. Okay, one sec. What's the...
  ⏱️  Perceived Latency: 5.60s (Agent Start: 16.4s - User End: 10.8s)
  💾 Saved: result_prism.json

[5/100] Processing Speaker=695bd157... Example=ecommerce_05...
  🚀 Running LiveKit inference with provider=prism...
  🔗 Streaming via livekit_inference.py into room: eval-a7b2920e
  ✅ livekit_inference.py finished successfully.
  🗣️  Running ASR on input audio...
  ⏱️  Measuring latency...
  🗣️  Running ASR on model output...
  📝 Transcript: One moment. Searching for desks under three hundred dollars...
  ⏱️  Perceived Latency: 18.88s (Agent Start: 26.080000000000002s - User End: 7.2s)
  💾 Saved: result_prism.json

[6/100] Processing Speaker=66c4f3cb... Example=ecommerce_06...
  🚀 Running LiveKit inference with provider=prism...
  🔗 Streaming via livekit_inference.py into room: eval-cd3985fb
  ✅ livekit_inference.py finished successfully.
  🗣️  Running ASR on input audio...
  ⏱️  Measuring latency...
  🗣️  Running ASR on model output...
  📝 Transcript: Why not?...
  ⏱️  Perceived Latency: 4.96s (Agent Start: 19.6s - User End: 14.64s)
  💾 Saved: result_prism.json

[7/100] Processing Speaker=66f59c76... Example=ecommerce_07...
  🚀 Running LiveKit inference with provider=prism...
  🔗 Streaming via livekit_inference.py into room: eval-dab5e5b2
  ✅ livekit_inference.py finished successfully.
  🗣️  Running ASR on input audio...
  ⏱️  Measuring latency...
  🗣️  Running ASR on model output...
  📝 Transcript: One moment Tracking your order with ID Fast ninety nine...
  ⏱️  Perceived Latency: 9.28s (Agent Start: 27.28s - User End: 18.0s)
  💾 Saved: result_prism.json

[8/100] Processing Speaker=5ff07b5e... Example=ecommerce_08...
  🚀 Running LiveKit inference with provider=prism...
  🔗 Streaming via livekit_inference.py into room: eval-f48053fe
  ✅ livekit_inference.py finished successfully.
  🗣️  Running ASR on input audio...
  ⏱️  Measuring latency...
  🗣️  Running ASR on model output...
  📝 Transcript: One moment looking for mechanical keyboards under two hundred dollars....
  ⏱️  Perceived Latency: 4.32s (Agent Start: 19.36s - User End: 15.040000000000001s)
  💾 Saved: result_prism.json

[9/100] Processing Speaker=61517db6... Example=ecommerce_08...
  🚀 Running LiveKit inference with provider=prism...
  🔗 Streaming via livekit_inference.py into room: eval-b9ec553a
  ✅ livekit_inference.py finished successfully.
  🗣️  Running ASR on input audio...
  ⏱️  Measuring latency...
  🗣️  Running ASR on model output...
  📝 Transcript: One moment Looking for mechanical keyboards under two hundred dollars....
  ⏱️  Perceived Latency: 7.44s (Agent Start: 20.48s - User End: 13.040000000000001s)
  💾 Saved: result_prism.json

[10/100] Processing Speaker=695bd157... Example=ecommerce_09...
  🚀 Running LiveKit inference with provider=prism...
  🔗 Streaming via livekit_inference.py into room: eval-1e96446c
  ✅ livekit_inference.py finished successfully.
  🗣️  Running ASR on input audio...
  ⏱️  Measuring latency...
  🗣️  Running ASR on model output...
  📝 Transcript: One moment searching for hiking boots...
  ⏱️  Perceived Latency: 4.40s (Agent Start: 18.32s - User End: 13.92s)
  💾 Saved: result_prism.json

[11/100] Processing Speaker=6998abd7... Example=ecommerce_10...
  🚀 Running LiveKit inference with provider=prism...
  🔗 Streaming via livekit_inference.py into room: eval-60022744
  ✅ livekit_inference.py finished successfully.
  🗣️  Running ASR on input audio...
  ⏱️  Measuring latency...
  🗣️  Running ASR on model output...
  📝 Transcript: One moment Tracking your order and searching for winter jackets under one hundred....
  ⏱️  Perceived Latency: 5.20s (Agent Start: 25.6s - User End: 20.400000000000002s)
  💾 Saved: result_prism.json

[12/100] Processing Speaker=62a885d5... Example=ecommerce_11...
  🚀 Running LiveKit inference with provider=prism...
  🔗 Streaming via livekit_inference.py into room: eval-e25492ec
  ✅ livekit_inference.py finished successfully.
  🗣️  Running ASR on input audio...
  ⏱️  Measuring latency...
  🗣️  Running ASR on model output...
  📝 Transcript: One moment adding product B7 to your cart with one item...
  ⏱️  Perceived Latency: 4.32s (Agent Start: 15.200000000000001s - User End: 10.88s)
  💾 Saved: result_prism.json

[13/100] Processing Speaker=6998abd7... Example=ecommerce_12...
  🚀 Running LiveKit inference with provider=prism...
  🔗 Streaming via livekit_inference.py into room: eval-7bb679d5
  ✅ livekit_inference.py finished successfully.
  🗣️  Running ASR on input audio...
  ⏱️  Measuring latency...
  🗣️  Running ASR on model output...
  📝 Transcript: One moment Searching the electronics section for gadgets and tech items...
  ⏱️  Perceived Latency: 7.60s (Agent Start: 18.8s - User End: 11.200000000000001s)
  💾 Saved: result_prism.json

[14/100] Processing Speaker=5ff07b5e... Example=ecommerce_13...
  🚀 Running LiveKit inference with provider=prism...
  🔗 Streaming via livekit_inference.py into room: eval-e695396d
  ✅ livekit_inference.py finished successfully.
  🗣️  Running ASR on input audio...
  ⏱️  Measuring latency...
  🗣️  Running ASR on model output...
  📝 Transcript: One moment Adding item K2 to your cart and checking on Order DELIV....
  ⏱️  Perceived Latency: 5.28s (Agent Start: 25.84s - User End: 20.560000000000002s)
  💾 Saved: result_prism.json

[15/100] Processing Speaker=61517db6... Example=ecommerce_13...
  🚀 Running LiveKit inference with provider=prism...
  🔗 Streaming via livekit_inference.py into room: eval-498b6dd4
  ✅ livekit_inference.py finished successfully.
  🗣️  Running ASR on input audio...
  ⏱️  Measuring latency...
  🗣️  Running ASR on model output...
  📝 Transcript: One moment one moment One moment...
  ⏱️  Perceived Latency: 5.92s (Agent Start: 32.0s - User End: 26.08s)
  💾 Saved: result_prism.json

[16/100] Processing Speaker=5ff07b5e... Example=ecommerce_14...
  🚀 Running LiveKit inference with provider=prism...
  🔗 Streaming via livekit_inference.py into room: eval-fd110481
  ✅ livekit_inference.py finished successfully.
  🗣️  Running ASR on input audio...
  ⏱️  Measuring latency...
  🗣️  Running ASR on model output...
  📝 Transcript: One moment Adding two of P fifty two to your cart...
  ⏱️  Perceived Latency: 4.08s (Agent Start: 23.84s - User End: 19.76s)
  💾 Saved: result_prism.json

[17/100] Processing Speaker=61517db6... Example=ecommerce_14...
  🚀 Running LiveKit inference with provider=prism...
  🔗 Streaming via livekit_inference.py into room: eval-94e56cdf
  ✅ livekit_inference.py finished successfully.
  🗣️  Running ASR on input audio...
  ⏱️  Measuring latency...
  🗣️  Running ASR on model output...
  📝 Transcript: One moment. One moment. Adding two of item P fifty two to your cart....
  ⏱️  Perceived Latency: 3.20s (Agent Start: 23.52s - User End: 20.32s)
  💾 Saved: result_prism.json

[18/100] Processing Speaker=56780a5a... Example=ecommerce_15...
  🚀 Running LiveKit inference with provider=prism...
  🔗 Streaming via livekit_inference.py into room: eval-d88e0808
  ✅ livekit_inference.py finished successfully.
  🗣️  Running ASR on input audio...
  ⏱️  Measuring latency...
  🗣️  Running ASR on model output...
  📝 Transcript: One moment Tracking Order BOB12 for you....
  ⏱️  Perceived Latency: 3.68s (Agent Start: 20.72s - User End: 17.04s)
  💾 Saved: result_prism.json

[19/100] Processing Speaker=66c4f3cb... Example=ecommerce_15...
  🚀 Running LiveKit inference with provider=prism...
  🔗 Streaming via livekit_inference.py into room: eval-cf1d604c
  ✅ livekit_inference.py finished successfully.
  🗣️  Running ASR on input audio...
  ⏱️  Measuring latency...
  🗣️  Running ASR on model output...
  📝 Transcript: One moment. One moment....
  ⏱️  Perceived Latency: 3.20s (Agent Start: 19.84s - User End: 16.64s)
  💾 Saved: result_prism.json

[20/100] Processing Speaker=695bd157... Example=ecommerce_16...
  🚀 Running LiveKit inference with provider=prism...
  🔗 Streaming via livekit_inference.py into room: eval-36a53c80
  ✅ livekit_inference.py finished successfully.
  🗣️  Running ASR on input audio...
  ⏱️  Measuring latency...
  🗣️  Running ASR on model output...
  📝 Transcript: One moment, one moment Searching for Coffee Maker under fifty dollars...
  ⏱️  Perceived Latency: 3.28s (Agent Start: 20.080000000000002s - User End: 16.8s)
  💾 Saved: result_prism.json

[21/100] Processing Speaker=5f4a4da1... Example=ecommerce_17...
  🚀 Running LiveKit inference with provider=prism...
  🔗 Streaming via livekit_inference.py into room: eval-3b87adc4
  ✅ livekit_inference.py finished successfully.
  🗣️  Running ASR on input audio...
  ⏱️  Measuring latency...
  🗣️  Running ASR on model output...
  📝 Transcript: ...
  💾 Saved: result_prism.json

[22/100] Processing Speaker=62a885d5... Example=ecommerce_18...
  🚀 Running LiveKit inference with provider=prism...
  🔗 Streaming via livekit_inference.py into room: eval-5fc1cb15
  ✅ livekit_inference.py finished successfully.
  🗣️  Running ASR on input audio...
  ⏱️  Measuring latency...
  🗣️  Running ASR on model output...
  📝 Transcript: ...
  💾 Saved: result_prism.json

[23/100] Processing Speaker=66f59c76... Example=ecommerce_19...
  🚀 Running LiveKit inference with provider=prism...
  🔗 Streaming via livekit_inference.py into room: eval-5ddad67e
  ✅ livekit_inference.py finished successfully.
  🗣️  Running ASR on input audio...
  ⏱️  Measuring latency...
  🗣️  Running ASR on model output...
  📝 Transcript: One moment....
  ⏱️  Perceived Latency: 3.92s (Agent Start: 23.52s - User End: 19.6s)
  💾 Saved: result_prism.json

[24/100] Processing Speaker=66c4f3cb... Example=ecommerce_20...
  🚀 Running LiveKit inference with provider=prism...
  🔗 Streaming via livekit_inference.py into room: eval-ee35f12a
  ✅ livekit_inference.py finished successfully.
  🗣️  Running ASR on input audio...
  ⏱️  Measuring latency...
  🗣️  Running ASR on model output...
  📝 Transcript: One moment, one moment Searching for a coffee maker under fifty dollars and adding two to the cart, ...
  ⏱️  Perceived Latency: 2.24s (Agent Start: 26.8s - User End: 24.56s)
  💾 Saved: result_prism.json

[25/100] Processing Speaker=65e8cf8f... Example=ecommerce_21...
  🚀 Running LiveKit inference with provider=prism...
  🔗 Streaming via livekit_inference.py into room: eval-b74197e2
  ✅ livekit_inference.py finished successfully.
  🗣️  Running ASR on input audio...
  ⏱️  Measuring latency...
  🗣️  Running ASR on model output...
  📝 Transcript: One moment, one moment....
  ⏱️  Perceived Latency: 3.28s (Agent Start: 28.32s - User End: 25.04s)
  💾 Saved: result_prism.json

[26/100] Processing Speaker=69a9cf80... Example=ecommerce_21...
  🚀 Running LiveKit inference with provider=prism...
  🔗 Streaming via livekit_inference.py into room: eval-8b692476
  ✅ livekit_inference.py finished successfully.
  🗣️  Running ASR on input audio...
  ⏱️  Measuring latency...
  🗣️  Running ASR on model output...
  📝 Transcript: Okay, one sec Searching for a nice watch under dollar two hundred and adding it to your cart...
  ⏱️  Perceived Latency: 3.84s (Agent Start: 29.36s - User End: 25.52s)
  💾 Saved: result_prism.json

[27/100] Processing Speaker=5f4a4da1... Example=ecommerce_23...
  🚀 Running LiveKit inference with provider=prism...
  🔗 Streaming via livekit_inference.py into room: eval-8e530932
  ✅ livekit_inference.py finished successfully.
  🗣️  Running ASR on input audio...
  ⏱️  Measuring latency...
  🗣️  Running ASR on model output...
  📝 Transcript: One moment. One moment. Tracking order GG5 process....
  ⏱️  Perceived Latency: 2.88s (Agent Start: 24.16s - User End: 21.28s)
  💾 Saved: result_prism.json

[28/100] Processing Speaker=65e8cf8f... Example=ecommerce_25...
  🚀 Running LiveKit inference with provider=prism...
  🔗 Streaming via livekit_inference.py into room: eval-cab6b694
  ✅ livekit_inference.py finished successfully.
  🗣️  Running ASR on input audio...
  ⏱️  Measuring latency...
  🗣️  Running ASR on model output...
  📝 Transcript: One moment Tracking order CAT, searching for cat food, and adding three of the first result to your ...
  ⏱️  Perceived Latency: 4.32s (Agent Start: 24.0s - User End: 19.68s)
  💾 Saved: result_prism.json

[29/100] Processing Speaker=69a9cf80... Example=ecommerce_25...
  🚀 Running LiveKit inference with provider=prism...
  🔗 Streaming via livekit_inference.py into room: eval-14f1bc92
  ✅ livekit_inference.py finished successfully.
  🗣️  Running ASR on input audio...
  ⏱️  Measuring latency...
  🗣️  Running ASR on model output...
  📝 Transcript: One moment Tracking Order CAT Searching for Cat Food and Adding Three to Your Cart...
  ⏱️  Perceived Latency: 3.84s (Agent Start: 27.44s - User End: 23.6s)
  💾 Saved: result_prism.json

[30/100] Processing Speaker=65e8cf8f... Example=finance_01...
  🚀 Running LiveKit inference with provider=prism...
  🔗 Streaming via livekit_inference.py into room: eval-3eacea88
  ✅ livekit_inference.py finished successfully.
  🗣️  Running ASR on input audio...
  ⏱️  Measuring latency...
  🗣️  Running ASR on model output...
  📝 Transcript: One moment, one moment converting five hundred US dollars to Euros...