Warning: You are sending unauthenticated requests to the HF Hub. Please set a HF_TOKEN to enable higher rate limits and faster downloads.
🚀 Batch evaluation started (released layout)
🤖 Provider: prism
📁 Root Dir: /Users/jayeshpani/Desktop/Samsung Prism/prism-duplex/bench/data/subset_10
📋 Loaded 100 scenarios from benchmark_data_v2.json
🔊 Loading ASR model...
🔊 ASR: parakeet-tdt-0.6b-v2 on MLX (no CUDA on this machine)
✅ ASR model loaded
📋 Merged 8 per-folder metadata.json entries → 100 total
📂 Found 10 input.wav files

[1/10] Processing Speaker=65e8cf8f... Example=ecommerce_01...
  🚀 Running LiveKit inference with provider=prism...
  🔗 Streaming via livekit_inference.py into room: eval-be085499
  ✅ livekit_inference.py finished successfully.
  🗣️  Running ASR on input audio...
  ⏱️  Measuring latency...
  🗣️  Running ASR on model output...
  📝 Transcript: One moment Tracking your order, ABC one hundred twenty three...
  ⏱️  Perceived Latency: 6.80s (Agent Start: 22.48s - User End: 15.68s)
  💾 Saved: result_prism.json

[2/10] Processing Speaker=69a9cf80... Example=ecommerce_01...
  🚀 Running LiveKit inference with provider=prism...
  🔗 Streaming via livekit_inference.py into room: eval-27006241
  ✅ livekit_inference.py finished successfully.
  🗣️  Running ASR on input audio...
  ⏱️  Measuring latency...
  🗣️  Running ASR on model output...
  📝 Transcript: One moment. One moment. I'll check the status of your order....
  ⏱️  Perceived Latency: -4.64s (Agent Start: 13.92s - User End: 18.560000000000002s)
  💾 Saved: result_prism.json

[3/10] Processing Speaker=5f4a4da1... Example=ecommerce_02...
  🚀 Running LiveKit inference with provider=prism...
  🔗 Streaming via livekit_inference.py into room: eval-d8b40b98
  ✅ livekit_inference.py finished successfully.
  🗣️  Running ASR on input audio...
  ⏱️  Measuring latency...
  🗣️  Running ASR on model output...
  📝 Transcript: One moment searching for wireless headphones under dollar one hundred dollar...
  ⏱️  Perceived Latency: 3.76s (Agent Start: 16.64s - User End: 12.88s)
  💾 Saved: result_prism.json

[4/10] Processing Speaker=6998abd7... Example=ecommerce_04...
  🚀 Running LiveKit inference with provider=prism...
  🔗 Streaming via livekit_inference.py into room: eval-0d074cba
  ✅ livekit_inference.py finished successfully.
  🗣️  Running ASR on input audio...
  ⏱️  Measuring latency...
  🗣️  Running ASR on model output...
  📝 Transcript: One moment tracking your order with door number XYZ eighty-eight Okay, one sec. Sure, how can I assi...
  ⏱️  Perceived Latency: 4.96s (Agent Start: 15.76s - User End: 10.8s)
  💾 Saved: result_prism.json

[5/10] Processing Speaker=695bd157... Example=ecommerce_05...
  🚀 Running LiveKit inference with provider=prism...
  🔗 Streaming via livekit_inference.py into room: eval-9217d92d
  ✅ livekit_inference.py finished successfully.
  🗣️  Running ASR on input audio...
  ⏱️  Measuring latency...
  🗣️  Running ASR on model output...
  📝 Transcript: One moment searching for a desk under three hundred dollars...
  ⏱️  Perceived Latency: 19.04s (Agent Start: 26.240000000000002s - User End: 7.2s)
  💾 Saved: result_prism.json

[6/10] Processing Speaker=66c4f3cb... Example=ecommerce_06...
  🚀 Running LiveKit inference with provider=prism...
  🔗 Streaming via livekit_inference.py into room: eval-cad9d871
  ✅ livekit_inference.py finished successfully.
  🗣️  Running ASR on input audio...
  ⏱️  Measuring latency...
  🗣️  Running ASR on model output...
  📝 Transcript: One moment. One moment. Adding two items....
  ⏱️  Perceived Latency: 3.12s (Agent Start: 17.76s - User End: 14.64s)
  💾 Saved: result_prism.json

[7/10] Processing Speaker=66f59c76... Example=ecommerce_07...
  🚀 Running LiveKit inference with provider=prism...
  🔗 Streaming via livekit_inference.py into room: eval-1b0231b3
  ✅ livekit_inference.py finished successfully.
  🗣️  Running ASR on input audio...
  ⏱️  Measuring latency...
  🗣️  Running ASR on model output...
  📝 Transcript: One moment Tracking your order with ID Fast ninety nine...
  ⏱️  Perceived Latency: 2.56s (Agent Start: 20.56s - User End: 18.0s)
  💾 Saved: result_prism.json

[8/10] Processing Speaker=5ff07b5e... Example=ecommerce_08...
  🚀 Running LiveKit inference with provider=prism...
  🔗 Streaming via livekit_inference.py into room: eval-bad16223
  ✅ livekit_inference.py finished successfully.
  🗣️  Running ASR on input audio...
  ⏱️  Measuring latency...
  🗣️  Running ASR on model output...
  📝 Transcript: One moment Searching for mechanical keyboards under two hundred dollars....
  ⏱️  Perceived Latency: 3.92s (Agent Start: 18.96s - User End: 15.040000000000001s)
  💾 Saved: result_prism.json

[9/10] Processing Speaker=61517db6... Example=ecommerce_08...
  🚀 Running LiveKit inference with provider=prism...
  🔗 Streaming via livekit_inference.py into room: eval-8572ab84
  ✅ livekit_inference.py finished successfully.
  🗣️  Running ASR on input audio...
  ⏱️  Measuring latency...
  🗣️  Running ASR on model output...
  📝 Transcript: ...
  💾 Saved: result_prism.json

[10/10] Processing Speaker=695bd157... Example=ecommerce_09...
  🚀 Running LiveKit inference with provider=prism...
  🔗 Streaming via livekit_inference.py into room: eval-4c1767fe
  ✅ livekit_inference.py finished successfully.
  🗣️  Running ASR on input audio...
  ⏱️  Measuring latency...
  🗣️  Running ASR on model output...
  📝 Transcript: One moment searching for hiking boots...
  ⏱️  Perceived Latency: 4.40s (Agent Start: 18.32s - User End: 13.92s)
  💾 Saved: result_prism.json

------------------------------------------------------------
🏁 Batch Evaluation Complete
⏱️  Total Duration: 9.80 minutes
📊 Summary:
   - Total:   10
   - Success: 10
   - Error:   0
   - Skipped: 0
   - Avg First-Speech Latency: 19.13s
   - Avg Perceived Latency:    4.39s
------------------------------------------------------------
