Warning: You are sending unauthenticated requests to the HF Hub. Please set a HF_TOKEN to enable higher rate limits and faster downloads.
🚀 Batch evaluation started (released layout)
🤖 Provider: prism
📁 Root Dir: /Users/jayeshpani/Desktop/Samsung Prism/prism-duplex/bench/data/subset_10
📋 Loaded 100 scenarios from benchmark_data_v2.json
🔊 Loading ASR model...
🔊 ASR: parakeet-tdt-0.6b-v2 on MLX (no CUDA on this machine)
✅ ASR model loaded
📋 Merged 8 per-folder metadata.json entries → 100 total
📂 Found 10 input.wav files

[1/10] Processing Speaker=65e8cf8f... Example=ecommerce_01...
  🚀 Running LiveKit inference with provider=prism...
  🔗 Streaming via livekit_inference.py into room: eval-48d2030a
  ✅ livekit_inference.py finished successfully.
  🗣️  Running ASR on input audio...
  ⏱️  Measuring latency...
  🗣️  Running ASR on model output...
  📝 Transcript: One moment Tracking your order with ID ABC one hundred twenty three...
  ⏱️  Perceived Latency: 6.96s (Agent Start: 22.64s - User End: 15.68s)
  💾 Saved: result_prism.json

[2/10] Processing Speaker=69a9cf80... Example=ecommerce_01...
  🚀 Running LiveKit inference with provider=prism...
  🔗 Streaming via livekit_inference.py into room: eval-0c0bdc47
  ✅ livekit_inference.py finished successfully.
  🗣️  Running ASR on input audio...
  ⏱️  Measuring latency...
  🗣️  Running ASR on model output...
  📝 Transcript: One moment. One moment. Tracking your order of two....
  ⏱️  Perceived Latency: -2.48s (Agent Start: 16.080000000000002s - User End: 18.560000000000002s)
  💾 Saved: result_prism.json

[3/10] Processing Speaker=5f4a4da1... Example=ecommerce_02...
  🚀 Running LiveKit inference with provider=prism...
  🔗 Streaming via livekit_inference.py into room: eval-e2e55d61
  ✅ livekit_inference.py finished successfully.
  🗣️  Running ASR on input audio...
  ⏱️  Measuring latency...
  🗣️  Running ASR on model output...
  📝 Transcript: One moment searching for wireless headphones under one hundred dollars....
  ⏱️  Perceived Latency: 4.48s (Agent Start: 17.36s - User End: 12.88s)
  💾 Saved: result_prism.json

[4/10] Processing Speaker=6998abd7... Example=ecommerce_04...
  🚀 Running LiveKit inference with provider=prism...
  🔗 Streaming via livekit_inference.py into room: eval-cace45f2
  ✅ livekit_inference.py finished successfully.
  🗣️  Running ASR on input audio...
  ⏱️  Measuring latency...
  🗣️  Running ASR on model output...
  📝 Transcript: One moment looking up the status of your order XYZ eighty eight...
  ⏱️  Perceived Latency: 7.44s (Agent Start: 18.240000000000002s - User End: 10.8s)
  💾 Saved: result_prism.json

[5/10] Processing Speaker=695bd157... Example=ecommerce_05...
  🚀 Running LiveKit inference with provider=prism...
  🔗 Streaming via livekit_inference.py into room: eval-6ae606be
  ✅ livekit_inference.py finished successfully.
  🗣️  Running ASR on input audio...
  ⏱️  Measuring latency...
  🗣️  Running ASR on model output...
  📝 Transcript: Searching for a desk. Okay, one sec. Searching for a desk under three hundred dollars....
  ⏱️  Perceived Latency: 17.52s (Agent Start: 24.72s - User End: 7.2s)
  💾 Saved: result_prism.json

[6/10] Processing Speaker=66c4f3cb... Example=ecommerce_06...
  🚀 Running LiveKit inference with provider=prism...
  🔗 Streaming via livekit_inference.py into room: eval-1fa5bc8a
  ✅ livekit_inference.py finished successfully.
  🗣️  Running ASR on input audio...
  ⏱️  Measuring latency...
  🗣️  Running ASR on model output...
  📝 Transcript: One moment. One moment adding two items to your cart, one for you and one as a gift....
  ⏱️  Perceived Latency: 2.48s (Agent Start: 17.12s - User End: 14.64s)
  💾 Saved: result_prism.json

[7/10] Processing Speaker=66f59c76... Example=ecommerce_07...
  🚀 Running LiveKit inference with provider=prism...
  🔗 Streaming via livekit_inference.py into room: eval-c0cf4300
  ✅ livekit_inference.py finished successfully.
  🗣️  Running ASR on input audio...
  ⏱️  Measuring latency...
  🗣️  Running ASR on model output...
  📝 Transcript: One moment Tracking your order with ID Fast ninety nine...
  ⏱️  Perceived Latency: 4.32s (Agent Start: 22.32s - User End: 18.0s)
  💾 Saved: result_prism.json

[8/10] Processing Speaker=5ff07b5e... Example=ecommerce_08...
  🚀 Running LiveKit inference with provider=prism...
  🔗 Streaming via livekit_inference.py into room: eval-69213258
  ✅ livekit_inference.py finished successfully.
  🗣️  Running ASR on input audio...
  ⏱️  Measuring latency...
  🗣️  Running ASR on model output...
  📝 Transcript: One moment looking for a mechanical keyboard under two hundred dollars...
  ⏱️  Perceived Latency: 3.36s (Agent Start: 18.400000000000002s - User End: 15.040000000000001s)
  💾 Saved: result_prism.json

[9/10] Processing Speaker=61517db6... Example=ecommerce_08...
  🚀 Running LiveKit inference with provider=prism...
  🔗 Streaming via livekit_inference.py into room: eval-082da11e
  ✅ livekit_inference.py finished successfully.
  🗣️  Running ASR on input audio...
  ⏱️  Measuring latency...
  🗣️  Running ASR on model output...
  📝 Transcript: One moment searching for mechanical keyboards under two hundred...
  ⏱️  Perceived Latency: 4.80s (Agent Start: 17.84s - User End: 13.040000000000001s)
  💾 Saved: result_prism.json

[10/10] Processing Speaker=695bd157... Example=ecommerce_09...
  🚀 Running LiveKit inference with provider=prism...
  🔗 Streaming via livekit_inference.py into room: eval-8286a698
  ✅ livekit_inference.py finished successfully.
  🗣️  Running ASR on input audio...
  ⏱️  Measuring latency...
  🗣️  Running ASR on model output...
  📝 Transcript: One moment searching for hiking boots...
  ⏱️  Perceived Latency: 4.88s (Agent Start: 18.8s - User End: 13.92s)
  💾 Saved: result_prism.json

------------------------------------------------------------
🏁 Batch Evaluation Complete
⏱️  Total Duration: 9.46 minutes
📊 Summary:
   - Total:   10
   - Success: 10
   - Error:   0
   - Skipped: 0
   - Avg First-Speech Latency: 19.32s
   - Avg Perceived Latency:    5.38s
------------------------------------------------------------
